
> suitepilot@1.0.0 build
> next build 2\u003e\u00261

