
[1m[46m RUN [49m[22m [36mv4.0.17 [39m[90mC:/G-Pilot[39m

 [31mΓ¥»[39m tests/unit/agents/agent-scout.test.ts [2m([22m[2m7 tests[22m[2m | [22m[31m1 failed[39m[2m)[22m[32m 14[2mms[22m[39m
       [32mΓ£ô[39m should have correct name[32m 1[2mms[22m[39m
       [32mΓ£ô[39m should have correct capabilities[32m 1[2mms[22m[39m
       [32mΓ£ô[39m should have required skills[32m 0[2mms[22m[39m
       [32mΓ£ô[39m should create a plan for quick_scan mission[32m 1[2mms[22m[39m
       [32mΓ£ô[39m should detect deep_recon mission type[32m 0[2mms[22m[39m
       [32mΓ£ô[39m should execute a scouting mission[32m 2[2mms[22m[39m
[31m       [31m├ù[31m should verify successful results[39m[32m 5[2mms[22m[39m
node.exe : 
At C:\Program Files\nodejs\npx.ps1:29 char:3
+   & $NODE_EXE $NPX_CLI_JS $args
+   ~~~~~~~~~~~~~~~~~~~~~~~~~~~~~
    + CategoryInfo          : NotSpecified: (:String) [], RemoteException
    + FullyQualifiedErrorId : NativeCommandError
 
[31mΓÄ»ΓÄ»ΓÄ»ΓÄ»ΓÄ»ΓÄ»ΓÄ»[39m[1m[41m Failed Tests 1 
[49m[22m[31mΓÄ»ΓÄ»ΓÄ»ΓÄ»ΓÄ»ΓÄ»ΓÄ»[39m

[41m[1m FAIL [22m[49m tests/unit/agents/agent-scout.test.ts[2m > 
[22mAgentScoutAgent[2m > [22mVerification[2m > [22mshould verify successful results
[31m[1mAssertionError[22m: expected false to be true // Object.is equality[39m

[32m- Expected[39m
[31m+ Received[39m

[32m- true[39m
[31m+ false[39m

[36m [2mΓ¥»[22m tests/unit/agents/agent-scout.test.ts:[2m138:35[22m[39m
    [90m136| [39m            [35mconst[39m report [33m=[39m [35mawait[39m 
agent[33m.[39m[34mverify[39m(mockResult[33m,[39m context)[33m;[39m
    [90m137| [39m
    [90m138| [39m            [34mexpect[39m(report[33m.[39mpassed)[33m.[39m[34mtoBe
[39m([35mtrue[39m)[33m;[39m
    [90m   | [39m                                  [31m^[39m
    [90m139| [39m            
[34mexpect[39m(report[33m.[39mchecks)[33m.[39m[34mtoBeDefined[39m()[33m;[39m
    [90m140| [39m        })[33m;[39m

[31m[2mΓÄ»ΓÄ»ΓÄ»ΓÄ»ΓÄ»ΓÄ»ΓÄ»ΓÄ»ΓÄ»ΓÄ»ΓÄ»ΓÄ»ΓÄ»ΓÄ»ΓÄ»ΓÄ»ΓÄ»ΓÄ»ΓÄ»ΓÄ»ΓÄ»ΓÄ»ΓÄ»ΓÄ»[1/1]ΓÄ»[2
2m[39m


[2m Test Files [22m [1m[31m1 failed[39m[22m[90m (1)[39m
[2m      Tests [22m [1m[31m1 failed[39m[22m[2m | [22m[1m[32m6 passed[39m[22m[90m (7)[39m
[2m   Start at [22m 08:01:21
[2m   Duration [22m 962ms[2m (transform 121ms, setup 217ms, import 111ms, tests 14ms, environment 436ms)[22m

